  Geri y├╝klenecek projeler belirleniyor...
  Geri y├╝kleme i├ğin t├╝m projeler g├╝ncel.
  ForgeFolio.Core -> D:\Projects\ForgeFolio\ForgeFolio.Core\bin\Debug\net9.0\ForgeFolio.Core.dll
  ForgeFolio.Infrastructure -> D:\Projects\ForgeFolio\ForgeFolio.Infrastructure\bin\Debug\net9.0\ForgeFolio.Infrastructure.dll
D:\Projects\ForgeFolio\ForgeFolio\Controllers\SkillController.cs(2,32): error CS0246: 'Controller' t├╝r├╝ veya ad alan─▒ ad─▒ bulunamad─▒ (bir using y├Ânergeniz veya derleme ba┼şvurunuz mu eksik?) [D:\Projects\ForgeFolio\ForgeFolio\ForgeFolio.csproj]
D:\Projects\ForgeFolio\ForgeFolio\Controllers\SkillController.cs(4,22): error CS0246: 'ISkillService' t├╝r├╝ veya ad alan─▒ ad─▒ bulunamad─▒ (bir using y├Ânergeniz veya derleme ba┼şvurunuz mu eksik?) [D:\Projects\ForgeFolio\ForgeFolio\ForgeFolio.csproj]
D:\Projects\ForgeFolio\ForgeFolio\Controllers\SkillController.cs(6,28): error CS0246: 'ISkillService' t├╝r├╝ veya ad alan─▒ ad─▒ bulunamad─▒ (bir using y├Ânergeniz veya derleme ba┼şvurunuz mu eksik?) [D:\Projects\ForgeFolio\ForgeFolio\ForgeFolio.csproj]
D:\Projects\ForgeFolio\ForgeFolio\Controllers\SkillController.cs(11,23): error CS0246: 'IActionResult' t├╝r├╝ veya ad alan─▒ ad─▒ bulunamad─▒ (bir using y├Ânergeniz veya derleme ba┼şvurunuz mu eksik?) [D:\Projects\ForgeFolio\ForgeFolio\ForgeFolio.csproj]
D:\Projects\ForgeFolio\ForgeFolio\Controllers\SkillController.cs(18,12): error CS0246: 'IActionResult' t├╝r├╝ veya ad alan─▒ ad─▒ bulunamad─▒ (bir using y├Ânergeniz veya derleme ba┼şvurunuz mu eksik?) [D:\Projects\ForgeFolio\ForgeFolio\ForgeFolio.csproj]
D:\Projects\ForgeFolio\ForgeFolio\Controllers\SkillController.cs(24,23): error CS0246: 'IActionResult' t├╝r├╝ veya ad alan─▒ ad─▒ bulunamad─▒ (bir using y├Ânergeniz veya derleme ba┼şvurunuz mu eksik?) [D:\Projects\ForgeFolio\ForgeFolio\ForgeFolio.csproj]
D:\Projects\ForgeFolio\ForgeFolio\Controllers\SkillController.cs(45,23): error CS0246: 'IActionResult' t├╝r├╝ veya ad alan─▒ ad─▒ bulunamad─▒ (bir using y├Ânergeniz veya derleme ba┼şvurunuz mu eksik?) [D:\Projects\ForgeFolio\ForgeFolio\ForgeFolio.csproj]
D:\Projects\ForgeFolio\ForgeFolio\Controllers\SkillController.cs(65,23): error CS0246: 'IActionResult' t├╝r├╝ veya ad alan─▒ ad─▒ bulunamad─▒ (bir using y├Ânergeniz veya derleme ba┼şvurunuz mu eksik?) [D:\Projects\ForgeFolio\ForgeFolio\ForgeFolio.csproj]
D:\Projects\ForgeFolio\ForgeFolio\Controllers\SkillController.cs(93,23): error CS0246: 'IActionResult' t├╝r├╝ veya ad alan─▒ ad─▒ bulunamad─▒ (bir using y├Ânergeniz veya derleme ba┼şvurunuz mu eksik?) [D:\Projects\ForgeFolio\ForgeFolio\ForgeFolio.csproj]
D:\Projects\ForgeFolio\ForgeFolio\Controllers\SkillController.cs(17,6): error CS0246: 'HttpGetAttribute' t├╝r├╝ veya ad alan─▒ ad─▒ bulunamad─▒ (bir using y├Ânergeniz veya derleme ba┼şvurunuz mu eksik?) [D:\Projects\ForgeFolio\ForgeFolio\ForgeFolio.csproj]
D:\Projects\ForgeFolio\ForgeFolio\Controllers\SkillController.cs(17,6): error CS0246: 'HttpGet' t├╝r├╝ veya ad alan─▒ ad─▒ bulunamad─▒ (bir using y├Ânergeniz veya derleme ba┼şvurunuz mu eksik?) [D:\Projects\ForgeFolio\ForgeFolio\ForgeFolio.csproj]
D:\Projects\ForgeFolio\ForgeFolio\Controllers\SkillController.cs(23,6): error CS0246: 'HttpPostAttribute' t├╝r├╝ veya ad alan─▒ ad─▒ bulunamad─▒ (bir using y├Ânergeniz veya derleme ba┼şvurunuz mu eksik?) [D:\Projects\ForgeFolio\ForgeFolio\ForgeFolio.csproj]
D:\Projects\ForgeFolio\ForgeFolio\Controllers\SkillController.cs(23,6): error CS0246: 'HttpPost' t├╝r├╝ veya ad alan─▒ ad─▒ bulunamad─▒ (bir using y├Ânergeniz veya derleme ba┼şvurunuz mu eksik?) [D:\Projects\ForgeFolio\ForgeFolio\ForgeFolio.csproj]
D:\Projects\ForgeFolio\ForgeFolio\Controllers\SkillController.cs(44,6): error CS0246: 'HttpGetAttribute' t├╝r├╝ veya ad alan─▒ ad─▒ bulunamad─▒ (bir using y├Ânergeniz veya derleme ba┼şvurunuz mu eksik?) [D:\Projects\ForgeFolio\ForgeFolio\ForgeFolio.csproj]
D:\Projects\ForgeFolio\ForgeFolio\Controllers\SkillController.cs(44,6): error CS0246: 'HttpGet' t├╝r├╝ veya ad alan─▒ ad─▒ bulunamad─▒ (bir using y├Ânergeniz veya derleme ba┼şvurunuz mu eksik?) [D:\Projects\ForgeFolio\ForgeFolio\ForgeFolio.csproj]
D:\Projects\ForgeFolio\ForgeFolio\Controllers\SkillController.cs(64,6): error CS0246: 'HttpPostAttribute' t├╝r├╝ veya ad alan─▒ ad─▒ bulunamad─▒ (bir using y├Ânergeniz veya derleme ba┼şvurunuz mu eksik?) [D:\Projects\ForgeFolio\ForgeFolio\ForgeFolio.csproj]
D:\Projects\ForgeFolio\ForgeFolio\Controllers\SkillController.cs(64,6): error CS0246: 'HttpPost' t├╝r├╝ veya ad alan─▒ ad─▒ bulunamad─▒ (bir using y├Ânergeniz veya derleme ba┼şvurunuz mu eksik?) [D:\Projects\ForgeFolio\ForgeFolio\ForgeFolio.csproj]
D:\Projects\ForgeFolio\ForgeFolio\Controllers\SkillController.cs(92,6): error CS0246: 'HttpGetAttribute' t├╝r├╝ veya ad alan─▒ ad─▒ bulunamad─▒ (bir using y├Ânergeniz veya derleme ba┼şvurunuz mu eksik?) [D:\Projects\ForgeFolio\ForgeFolio\ForgeFolio.csproj]
D:\Projects\ForgeFolio\ForgeFolio\Controllers\SkillController.cs(92,6): error CS0246: 'HttpGet' t├╝r├╝ veya ad alan─▒ ad─▒ bulunamad─▒ (bir using y├Ânergeniz veya derleme ba┼şvurunuz mu eksik?) [D:\Projects\ForgeFolio\ForgeFolio\ForgeFolio.csproj]

Olu┼şturma BA┼ŞARISIZ OLDU.

D:\Projects\ForgeFolio\ForgeFolio\Controllers\SkillController.cs(2,32): error CS0246: 'Controller' t├╝r├╝ veya ad alan─▒ ad─▒ bulunamad─▒ (bir using y├Ânergeniz veya derleme ba┼şvurunuz mu eksik?) [D:\Projects\ForgeFolio\ForgeFolio\ForgeFolio.csproj]
D:\Projects\ForgeFolio\ForgeFolio\Controllers\SkillController.cs(4,22): error CS0246: 'ISkillService' t├╝r├╝ veya ad alan─▒ ad─▒ bulunamad─▒ (bir using y├Ânergeniz veya derleme ba┼şvurunuz mu eksik?) [D:\Projects\ForgeFolio\ForgeFolio\ForgeFolio.csproj]
D:\Projects\ForgeFolio\ForgeFolio\Controllers\SkillController.cs(6,28): error CS0246: 'ISkillService' t├╝r├╝ veya ad alan─▒ ad─▒ bulunamad─▒ (bir using y├Ânergeniz veya derleme ba┼şvurunuz mu eksik?) [D:\Projects\ForgeFolio\ForgeFolio\ForgeFolio.csproj]
D:\Projects\ForgeFolio\ForgeFolio\Controllers\SkillController.cs(11,23): error CS0246: 'IActionResult' t├╝r├╝ veya ad alan─▒ ad─▒ bulunamad─▒ (bir using y├Ânergeniz veya derleme ba┼şvurunuz mu eksik?) [D:\Projects\ForgeFolio\ForgeFolio\ForgeFolio.csproj]
D:\Projects\ForgeFolio\ForgeFolio\Controllers\SkillController.cs(18,12): error CS0246: 'IActionResult' t├╝r├╝ veya ad alan─▒ ad─▒ bulunamad─▒ (bir using y├Ânergeniz veya derleme ba┼şvurunuz mu eksik?) [D:\Projects\ForgeFolio\ForgeFolio\ForgeFolio.csproj]
D:\Projects\ForgeFolio\ForgeFolio\Controllers\SkillController.cs(24,23): error CS0246: 'IActionResult' t├╝r├╝ veya ad alan─▒ ad─▒ bulunamad─▒ (bir using y├Ânergeniz veya derleme ba┼şvurunuz mu eksik?) [D:\Projects\ForgeFolio\ForgeFolio\ForgeFolio.csproj]
D:\Projects\ForgeFolio\ForgeFolio\Controllers\SkillController.cs(45,23): error CS0246: 'IActionResult' t├╝r├╝ veya ad alan─▒ ad─▒ bulunamad─▒ (bir using y├Ânergeniz veya derleme ba┼şvurunuz mu eksik?) [D:\Projects\ForgeFolio\ForgeFolio\ForgeFolio.csproj]
D:\Projects\ForgeFolio\ForgeFolio\Controllers\SkillController.cs(65,23): error CS0246: 'IActionResult' t├╝r├╝ veya ad alan─▒ ad─▒ bulunamad─▒ (bir using y├Ânergeniz veya derleme ba┼şvurunuz mu eksik?) [D:\Projects\ForgeFolio\ForgeFolio\ForgeFolio.csproj]
D:\Projects\ForgeFolio\ForgeFolio\Controllers\SkillController.cs(93,23): error CS0246: 'IActionResult' t├╝r├╝ veya ad alan─▒ ad─▒ bulunamad─▒ (bir using y├Ânergeniz veya derleme ba┼şvurunuz mu eksik?) [D:\Projects\ForgeFolio\ForgeFolio\ForgeFolio.csproj]
D:\Projects\ForgeFolio\ForgeFolio\Controllers\SkillController.cs(17,6): error CS0246: 'HttpGetAttribute' t├╝r├╝ veya ad alan─▒ ad─▒ bulunamad─▒ (bir using y├Ânergeniz veya derleme ba┼şvurunuz mu eksik?) [D:\Projects\ForgeFolio\ForgeFolio\ForgeFolio.csproj]
D:\Projects\ForgeFolio\ForgeFolio\Controllers\SkillController.cs(17,6): error CS0246: 'HttpGet' t├╝r├╝ veya ad alan─▒ ad─▒ bulunamad─▒ (bir using y├Ânergeniz veya derleme ba┼şvurunuz mu eksik?) [D:\Projects\ForgeFolio\ForgeFolio\ForgeFolio.csproj]
D:\Projects\ForgeFolio\ForgeFolio\Controllers\SkillController.cs(23,6): error CS0246: 'HttpPostAttribute' t├╝r├╝ veya ad alan─▒ ad─▒ bulunamad─▒ (bir using y├Ânergeniz veya derleme ba┼şvurunuz mu eksik?) [D:\Projects\ForgeFolio\ForgeFolio\ForgeFolio.csproj]
D:\Projects\ForgeFolio\ForgeFolio\Controllers\SkillController.cs(23,6): error CS0246: 'HttpPost' t├╝r├╝ veya ad alan─▒ ad─▒ bulunamad─▒ (bir using y├Ânergeniz veya derleme ba┼şvurunuz mu eksik?) [D:\Projects\ForgeFolio\ForgeFolio\ForgeFolio.csproj]
D:\Projects\ForgeFolio\ForgeFolio\Controllers\SkillController.cs(44,6): error CS0246: 'HttpGetAttribute' t├╝r├╝ veya ad alan─▒ ad─▒ bulunamad─▒ (bir using y├Ânergeniz veya derleme ba┼şvurunuz mu eksik?) [D:\Projects\ForgeFolio\ForgeFolio\ForgeFolio.csproj]
D:\Projects\ForgeFolio\ForgeFolio\Controllers\SkillController.cs(44,6): error CS0246: 'HttpGet' t├╝r├╝ veya ad alan─▒ ad─▒ bulunamad─▒ (bir using y├Ânergeniz veya derleme ba┼şvurunuz mu eksik?) [D:\Projects\ForgeFolio\ForgeFolio\ForgeFolio.csproj]
D:\Projects\ForgeFolio\ForgeFolio\Controllers\SkillController.cs(64,6): error CS0246: 'HttpPostAttribute' t├╝r├╝ veya ad alan─▒ ad─▒ bulunamad─▒ (bir using y├Ânergeniz veya derleme ba┼şvurunuz mu eksik?) [D:\Projects\ForgeFolio\ForgeFolio\ForgeFolio.csproj]
D:\Projects\ForgeFolio\ForgeFolio\Controllers\SkillController.cs(64,6): error CS0246: 'HttpPost' t├╝r├╝ veya ad alan─▒ ad─▒ bulunamad─▒ (bir using y├Ânergeniz veya derleme ba┼şvurunuz mu eksik?) [D:\Projects\ForgeFolio\ForgeFolio\ForgeFolio.csproj]
D:\Projects\ForgeFolio\ForgeFolio\Controllers\SkillController.cs(92,6): error CS0246: 'HttpGetAttribute' t├╝r├╝ veya ad alan─▒ ad─▒ bulunamad─▒ (bir using y├Ânergeniz veya derleme ba┼şvurunuz mu eksik?) [D:\Projects\ForgeFolio\ForgeFolio\ForgeFolio.csproj]
D:\Projects\ForgeFolio\ForgeFolio\Controllers\SkillController.cs(92,6): error CS0246: 'HttpGet' t├╝r├╝ veya ad alan─▒ ad─▒ bulunamad─▒ (bir using y├Ânergeniz veya derleme ba┼şvurunuz mu eksik?) [D:\Projects\ForgeFolio\ForgeFolio\ForgeFolio.csproj]
    0 Uyar─▒
    19 Hata

Ge├ğen S├╝re 00:00:03.10
